error TS6231: Could not resolve the path ';' with the extensions: '.ts', '.tsx', '.d.ts', '.cts', '.d.cts', '.mts', '.d.mts'.
  The file is in the program because:
    Root file specified for compilation
error TS6231: Could not resolve the path 'EXIT: $LASTEXITCODE' with the extensions: '.ts', '.tsx', '.d.ts', '.cts', '.d.cts', '.mts', '.d.mts'.
  The file is in the program because:
    Root file specified for compilation
error TS6231: Could not resolve the path 'echo' with the extensions: '.ts', '.tsx', '.d.ts', '.cts', '.d.cts', '.mts', '.d.mts'.
  The file is in the program because:
    Root file specified for compilation
